###############################################################################
#
# IAR ELF Linker V9.32.1.338/W64 for ARM                  01/Nov/2023  03:22:21
# Copyright 2007-2022 IAR Systems AB.
#
#    Output file  =
#        C:\Users\Interrupt\Dropbox\WorkSpace\Embedded\stm\Embedded C
#        Arm\Embedded Coding\STM32_driver\some code
#        files\interrupt\Debug\Exe\interrupt.out
#    Map file     =
#        C:\Users\Interrupt\Dropbox\WorkSpace\Embedded\stm\Embedded C
#        Arm\Embedded Coding\STM32_driver\some code
#        files\interrupt\Debug\List\interrupt.map
#    Command line =
#        -f "C:\Users\Interrupt\Dropbox\WorkSpace\Embedded\stm\Embedded C
#        Arm\Embedded Coding\STM32_driver\some code
#        files\interrupt\Debug\Exe\interrupt.out.rsp"
#        ("C:\Users\Interrupt\Dropbox\WorkSpace\Embedded\stm\Embedded C
#        Arm\Embedded Coding\STM32_driver\some code
#        files\interrupt\Debug\Obj\main.o"
#        "C:\Users\Interrupt\Dropbox\WorkSpace\Embedded\stm\Embedded C
#        Arm\Embedded Coding\STM32_driver\some code
#        files\interrupt\Debug\Obj\startup\startup_stm32f103xb.o"
#        "C:\Users\Interrupt\Dropbox\WorkSpace\Embedded\stm\Embedded C
#        Arm\Embedded Coding\STM32_driver\some code
#        files\interrupt\Debug\Obj\myDriver\Src\stm32f103c8xx.h_gpio_driver.o"
#        --no_out_extension -o
#        "C:\Users\Interrupt\Dropbox\WorkSpace\Embedded\stm\Embedded C
#        Arm\Embedded Coding\STM32_driver\some code
#        files\interrupt\Debug\Exe\interrupt.out" --redirect
#        _Printf=_PrintfFullNoMb --redirect _Scanf=_ScanfFullNoMb --map
#        "C:\Users\Interrupt\Dropbox\WorkSpace\Embedded\stm\Embedded C
#        Arm\Embedded Coding\STM32_driver\some code
#        files\interrupt\Debug\List\interrupt.map" --config
#        "C:\Users\Interrupt\Dropbox\WorkSpace\Embedded\stm\Embedded C
#        Arm\Embedded Coding\STM32_driver\some code
#        files\interrupt\myDriver\Inc\startup\stm32f103xb_flash.icf"
#        --semihosting --entry __iar_program_start --vfe --text_out locale
#        --cpu=Cortex-M3 --fpu=None)
#
###############################################################################

*******************************************************************************
*** MESSAGES
***

Error[Li005]: no definition for "SystemInit" [referenced from
          C:\Users\Interrupt\Dropbox\WorkSpace\Embedded\stm\Embedded C
          Arm\Embedded Coding\STM32_driver\some code
          files\interrupt\Debug\Obj\startup\startup_stm32f103xb.o]


*******************************************************************************
*** RUNTIME MODEL ATTRIBUTES
***

CppFlavor       = *
__CPP_Runtime   = 1
__SystemLibrary = DLib
__dlib_version  = 6


*******************************************************************************
*** HEAP SELECTION
***

The basic heap was selected because --advanced_heap
was not specified and the application did not appear to
be primarily optimized for speed.


*******************************************************************************
*** PLACEMENT SUMMARY
***

"A0":  place at address 0x800'0000 { ro section .intvec };
"P1":  place in [from 0x800'0000 to 0x801'ffff] { ro };
define block CSTACK with size = 1K, alignment = 8 { };
define block HEAP with size = 512, alignment = 8 { };
"P2":  place in [from 0x2000'0000 to 0x2000'4fff] {
          rw, block CSTACK, block HEAP };

No sections matched the following patterns:

  rw  in "P2"


  Section   Kind         Address   Size  Object
  -------   ----         -------   ----  ------
"A0":                              0xec
  .intvec   ro code   0x800'0000   0xec  startup_stm32f103xb.o [3]
                    - 0x800'00ec   0xec

"P1":                             0x610
  .text     ro code   0x800'00ec  0x380  stm32f103c8xx.h_gpio_driver.o [2]
  .text     ro code   0x800'046c   0xec  main.o [1]
  .text     ro code   0x800'0558   0x66  ABImemset.o [5]
  .text     ro code   0x800'05c0   0x1e  cmain.o [5]
  .text     ro code   0x800'05de    0x4  low_level_init.o [4]
  .text     ro code   0x800'05e2    0x4  exit.o [4]
  .text     ro code   0x800'05e8    0xa  cexit.o [5]
  .text     ro code   0x800'05f4   0x14  exit.o [6]
  .text     ro code   0x800'0608   0x1c  cstartup_M.o [5]
  .text     ro code   0x800'0624   0x10  startup_stm32f103xb.o [3]
  .text     ro code   0x800'0634    0x4  startup_stm32f103xb.o [3]
  .text     ro code   0x800'0638    0x4  startup_stm32f103xb.o [3]
  .text     ro code   0x800'063c    0x4  startup_stm32f103xb.o [3]
  .text     ro code   0x800'0640    0x4  startup_stm32f103xb.o [3]
  .text     ro code   0x800'0644    0x4  startup_stm32f103xb.o [3]
  .text     ro code   0x800'0648    0x4  startup_stm32f103xb.o [3]
  .text     ro code   0x800'064c    0x4  startup_stm32f103xb.o [3]
  .text     ro code   0x800'0650    0x4  startup_stm32f103xb.o [3]
  .text     ro code   0x800'0654    0x4  startup_stm32f103xb.o [3]
  .text     ro code   0x800'0658    0x4  startup_stm32f103xb.o [3]
  .text     ro code   0x800'065c    0x4  startup_stm32f103xb.o [3]
  .text     ro code   0x800'0660    0x4  startup_stm32f103xb.o [3]
  .text     ro code   0x800'0664    0x4  startup_stm32f103xb.o [3]
  .text     ro code   0x800'0668    0x4  startup_stm32f103xb.o [3]
  .text     ro code   0x800'066c    0x4  startup_stm32f103xb.o [3]
  .text     ro code   0x800'0670    0x4  startup_stm32f103xb.o [3]
  .text     ro code   0x800'0674    0x4  startup_stm32f103xb.o [3]
  .text     ro code   0x800'0678    0x4  startup_stm32f103xb.o [3]
  .text     ro code   0x800'067c    0x4  startup_stm32f103xb.o [3]
  .text     ro code   0x800'0680    0x4  startup_stm32f103xb.o [3]
  .text     ro code   0x800'0684    0x4  startup_stm32f103xb.o [3]
  .text     ro code   0x800'0688    0x4  startup_stm32f103xb.o [3]
  .text     ro code   0x800'068c    0x4  startup_stm32f103xb.o [3]
  .text     ro code   0x800'0690    0x4  startup_stm32f103xb.o [3]
  .text     ro code   0x800'0694    0x4  startup_stm32f103xb.o [3]
  .text     ro code   0x800'0698    0x4  startup_stm32f103xb.o [3]
  .text     ro code   0x800'069c    0x4  startup_stm32f103xb.o [3]
  .text     ro code   0x800'06a0    0x4  startup_stm32f103xb.o [3]
  .text     ro code   0x800'06a4    0x4  startup_stm32f103xb.o [3]
  .text     ro code   0x800'06a8    0x4  startup_stm32f103xb.o [3]
  .text     ro code   0x800'06ac    0x4  startup_stm32f103xb.o [3]
  .text     ro code   0x800'06b0    0x4  startup_stm32f103xb.o [3]
  .text     ro code   0x800'06b4    0x4  startup_stm32f103xb.o [3]
  .text     ro code   0x800'06b8    0x4  startup_stm32f103xb.o [3]
  .text     ro code   0x800'06bc    0x4  startup_stm32f103xb.o [3]
  .text     ro code   0x800'06c0    0x4  startup_stm32f103xb.o [3]
  .text     ro code   0x800'06c4    0x4  startup_stm32f103xb.o [3]
  .text     ro code   0x800'06c8    0x4  startup_stm32f103xb.o [3]
  .text     ro code   0x800'06cc    0x4  startup_stm32f103xb.o [3]
  .text     ro code   0x800'06d0    0x4  startup_stm32f103xb.o [3]
  .text     ro code   0x800'06d4    0x4  startup_stm32f103xb.o [3]
  .text     ro code   0x800'06d8    0x4  startup_stm32f103xb.o [3]
  .text     ro code   0x800'06dc    0x4  startup_stm32f103xb.o [3]
  .text     ro code   0x800'06e0    0x4  startup_stm32f103xb.o [3]
  .text     ro code   0x800'06e4    0x4  startup_stm32f103xb.o [3]
  .text     ro code   0x800'06e8    0x4  startup_stm32f103xb.o [3]
  .text     ro code   0x800'06ec    0x4  startup_stm32f103xb.o [3]
  .text     ro code   0x800'06f0    0x4  startup_stm32f103xb.o [3]
  .text     ro code   0x800'06f4    0x4  startup_stm32f103xb.o [3]
  .text     ro code   0x800'06f8    0x4  startup_stm32f103xb.o [3]
                    - 0x800'06fc  0x610

"P2":                             0x400
  CSTACK             0x2000'0000  0x400  <Block>
    CSTACK  uninit   0x2000'0000  0x400  <Block tail>
                   - 0x2000'0400  0x400

Unused ranges:

         From           To      Size
         ----           --      ----
   0x800'06fc   0x801'ffff  0x1'f904
  0x2000'0400  0x2000'4fff    0x4c00



*******************************************************************************
*** MODULE SUMMARY
***

    Module                         ro code  rw data
    ------                         -------  -------
command line/config:
    -----------------------------------------------
    Total:

C:\Users\Interrupt\Dropbox\WorkSpace\Embedded\stm\Embedded C Arm\Embedded Coding\STM32_driver\some code files\interrupt\Debug\Obj: [1]
    main.o                             236
    -----------------------------------------------
    Total:                             236

C:\Users\Interrupt\Dropbox\WorkSpace\Embedded\stm\Embedded C Arm\Embedded Coding\STM32_driver\some code files\interrupt\Debug\Obj\myDriver\Src: [2]
    stm32f103c8xx.h_gpio_driver.o      896
    -----------------------------------------------
    Total:                             896

C:\Users\Interrupt\Dropbox\WorkSpace\Embedded\stm\Embedded C Arm\Embedded Coding\STM32_driver\some code files\interrupt\Debug\Obj\startup: [3]
    startup_stm32f103xb.o              452
    -----------------------------------------------
    Total:                             452

dl7M_tln.a: [4]
    exit.o                               4
    low_level_init.o                     4
    -----------------------------------------------
    Total:                               8

rt7M_tl.a: [5]
    ABImemset.o                        102
    cexit.o                             10
    cmain.o                             30
    cstartup_M.o                        28
    -----------------------------------------------
    Total:                             170

shb_l.a: [6]
    exit.o                              20
    -----------------------------------------------
    Total:                              20

    Gaps                                 6
    Linker created                            1'024
---------------------------------------------------
    Grand Total:                     1'788    1'024


*******************************************************************************
*** ENTRY LIST
***

Entry                       Address   Size  Type      Object
-----                       -------   ----  ----      ------
?main                    0x800'05c1         Code  Gb  cmain.o [5]
ADC1_2_IRQHandler        0x800'069d         Code  Wk  startup_stm32f103xb.o [3]
BusFault_Handler         0x800'0641         Code  Wk  startup_stm32f103xb.o [3]
CAN1_RX1_IRQHandler      0x800'06a9         Code  Wk  startup_stm32f103xb.o [3]
CAN1_SCE_IRQHandler      0x800'06ad         Code  Wk  startup_stm32f103xb.o [3]
CSTACK$$Base            0x2000'0000          --   Gb  - Linker created -
CSTACK$$Limit           0x2000'0400          --   Gb  - Linker created -
DMA1_Channel1_IRQHandler
                         0x800'0681         Code  Wk  startup_stm32f103xb.o [3]
DMA1_Channel2_IRQHandler
                         0x800'0685         Code  Wk  startup_stm32f103xb.o [3]
DMA1_Channel3_IRQHandler
                         0x800'0689         Code  Wk  startup_stm32f103xb.o [3]
DMA1_Channel4_IRQHandler
                         0x800'068d         Code  Wk  startup_stm32f103xb.o [3]
DMA1_Channel5_IRQHandler
                         0x800'0691         Code  Wk  startup_stm32f103xb.o [3]
DMA1_Channel6_IRQHandler
                         0x800'0695         Code  Wk  startup_stm32f103xb.o [3]
DMA1_Channel7_IRQHandler
                         0x800'0699         Code  Wk  startup_stm32f103xb.o [3]
DebugMon_Handler         0x800'064d         Code  Wk  startup_stm32f103xb.o [3]
EXTI0_IRQHandler         0x800'04fb    0xa  Code  Gb  main.o [1]
EXTI15_10_IRQHandler     0x800'0505   0x4c  Code  Gb  main.o [1]
EXTI1_IRQHandler         0x800'0671         Code  Wk  startup_stm32f103xb.o [3]
EXTI2_IRQHandler         0x800'0675         Code  Wk  startup_stm32f103xb.o [3]
EXTI3_IRQHandler         0x800'0679         Code  Wk  startup_stm32f103xb.o [3]
EXTI4_IRQHandler         0x800'067d         Code  Wk  startup_stm32f103xb.o [3]
EXTI9_5_IRQHandler       0x800'06b1         Code  Wk  startup_stm32f103xb.o [3]
FLASH_IRQHandler         0x800'0669         Code  Wk  startup_stm32f103xb.o [3]
GPIO_IRQHandling         0x800'0403   0x18  Code  Gb  stm32f103c8xx.h_gpio_driver.o [2]
GPIO_IRQInterruptConf    0x800'02fb   0xd2  Code  Gb  stm32f103c8xx.h_gpio_driver.o [2]
GPIO_IRQPriorityConfig   0x800'03cd   0x36  Code  Gb  stm32f103c8xx.h_gpio_driver.o [2]
GPIO_Init                0x800'017f  0x16e  Code  Gb  stm32f103c8xx.h_gpio_driver.o [2]
GPIO_PeriClockControll   0x800'00ed   0x92  Code  Gb  stm32f103c8xx.h_gpio_driver.o [2]
GPIO_TogglePin           0x800'02ed    0xe  Code  Gb  stm32f103c8xx.h_gpio_driver.o [2]
HardFault_Handler        0x800'0639         Code  Wk  startup_stm32f103xb.o [3]
I2C1_ER_IRQHandler       0x800'06d5         Code  Wk  startup_stm32f103xb.o [3]
I2C1_EV_IRQHandler       0x800'06d1         Code  Wk  startup_stm32f103xb.o [3]
I2C2_ER_IRQHandler       0x800'06dd         Code  Wk  startup_stm32f103xb.o [3]
I2C2_EV_IRQHandler       0x800'06d9         Code  Wk  startup_stm32f103xb.o [3]
MemManage_Handler        0x800'063d         Code  Wk  startup_stm32f103xb.o [3]
NMI_Handler              0x800'0635         Code  Wk  startup_stm32f103xb.o [3]
PVD_IRQHandler           0x800'065d         Code  Wk  startup_stm32f103xb.o [3]
PendSV_Handler           0x800'0651         Code  Wk  startup_stm32f103xb.o [3]
RCC_IRQHandler           0x800'066d         Code  Wk  startup_stm32f103xb.o [3]
RTC_Alarm_IRQHandler     0x800'06f5         Code  Wk  startup_stm32f103xb.o [3]
RTC_IRQHandler           0x800'0665         Code  Wk  startup_stm32f103xb.o [3]
Region$$Table$$Base             0x0          --   Gb  - Linker created -
Region$$Table$$Limit            0x0          --   Gb  - Linker created -
Reset_Handler            0x800'0625         Code  Wk  startup_stm32f103xb.o [3]
SPI1_IRQHandler          0x800'06e1         Code  Wk  startup_stm32f103xb.o [3]
SPI2_IRQHandler          0x800'06e5         Code  Wk  startup_stm32f103xb.o [3]
SVC_Handler              0x800'0649         Code  Wk  startup_stm32f103xb.o [3]
SysTick_Handler          0x800'0655         Code  Wk  startup_stm32f103xb.o [3]
TAMPER_IRQHandler        0x800'0661         Code  Wk  startup_stm32f103xb.o [3]
TIM1_BRK_IRQHandler      0x800'06b5         Code  Wk  startup_stm32f103xb.o [3]
TIM1_CC_IRQHandler       0x800'06c1         Code  Wk  startup_stm32f103xb.o [3]
TIM1_TRG_COM_IRQHandler
                         0x800'06bd         Code  Wk  startup_stm32f103xb.o [3]
TIM1_UP_IRQHandler       0x800'06b9         Code  Wk  startup_stm32f103xb.o [3]
TIM2_IRQHandler          0x800'06c5         Code  Wk  startup_stm32f103xb.o [3]
TIM3_IRQHandler          0x800'06c9         Code  Wk  startup_stm32f103xb.o [3]
TIM4_IRQHandler          0x800'06cd         Code  Wk  startup_stm32f103xb.o [3]
USART1_IRQHandler        0x800'06e9         Code  Wk  startup_stm32f103xb.o [3]
USART2_IRQHandler        0x800'06ed         Code  Wk  startup_stm32f103xb.o [3]
USART3_IRQHandler        0x800'06f1         Code  Wk  startup_stm32f103xb.o [3]
USBWakeUp_IRQHandler     0x800'06f9         Code  Wk  startup_stm32f103xb.o [3]
USB_HP_CAN1_TX_IRQHandler
                         0x800'06a1         Code  Wk  startup_stm32f103xb.o [3]
USB_LP_CAN1_RX0_IRQHandler
                         0x800'06a5         Code  Wk  startup_stm32f103xb.o [3]
UsageFault_Handler       0x800'0645         Code  Wk  startup_stm32f103xb.o [3]
WWDG_IRQHandler          0x800'0659         Code  Wk  startup_stm32f103xb.o [3]
__aeabi_memset           0x800'0559         Code  Gb  ABImemset.o [5]
__cmain                  0x800'05c1         Code  Gb  cmain.o [5]
__exit                   0x800'05f5   0x14  Code  Gb  exit.o [6]
__iar_Memset             0x800'0559         Code  Gb  ABImemset.o [5]
__iar_Memset_word        0x800'0561         Code  Gb  ABImemset.o [5]
__iar_program_start      0x800'0609         Code  Gb  cstartup_M.o [5]
__low_level_init         0x800'05df    0x4  Code  Gb  low_level_init.o [4]
__vector_table           0x800'0000         Data  Gb  startup_stm32f103xb.o [3]
_call_main               0x800'05cd         Code  Gb  cmain.o [5]
_exit                    0x800'05e9         Code  Gb  cexit.o [5]
delay                    0x800'046d   0x14  Code  Gb  main.o [1]
exit                     0x800'05e3    0x4  Code  Gb  exit.o [4]
main                     0x800'0481   0x7a  Code  Gb  main.o [1]


[1] = C:\Users\Interrupt\Dropbox\WorkSpace\Embedded\stm\Embedded C Arm\Embedded Coding\STM32_driver\some code files\interrupt\Debug\Obj
[2] = C:\Users\Interrupt\Dropbox\WorkSpace\Embedded\stm\Embedded C Arm\Embedded Coding\STM32_driver\some code files\interrupt\Debug\Obj\myDriver\Src
[3] = C:\Users\Interrupt\Dropbox\WorkSpace\Embedded\stm\Embedded C Arm\Embedded Coding\STM32_driver\some code files\interrupt\Debug\Obj\startup
[4] = dl7M_tln.a
[5] = rt7M_tl.a
[6] = shb_l.a

  1'788 bytes of readonly  code memory
  1'024 bytes of readwrite data memory

Errors: 1
Warnings: none
