###############################################################################
#
# IAR ELF Linker V9.32.1.338/W64 for ARM                  14/Jun/2024  14:02:26
# Copyright 2007-2022 IAR Systems AB.
#
#    Output file  =
#        C:\Users\Interrupt\Dropbox\WorkSpace\Embedded\stm\Embedded C
#        Arm\Embedded Coding\STM32_driver\some code
#        files\API_Structuring\Debug\Exe\API_Structuring.out
#    Map file     =
#        C:\Users\Interrupt\Dropbox\WorkSpace\Embedded\stm\Embedded C
#        Arm\Embedded Coding\STM32_driver\some code
#        files\API_Structuring\Debug\List\API_Structuring.map
#    Command line =
#        -f "C:\Users\Interrupt\Dropbox\WorkSpace\Embedded\stm\Embedded C
#        Arm\Embedded Coding\STM32_driver\some code
#        files\API_Structuring\Debug\Exe\API_Structuring.out.rsp"
#        ("C:\Users\Interrupt\Dropbox\WorkSpace\Embedded\stm\Embedded C
#        Arm\Embedded Coding\STM32_driver\some code
#        files\API_Structuring\Debug\Obj\driver\src\GPIO_STM32F103C8xx.o"
#        "C:\Users\Interrupt\Dropbox\WorkSpace\Embedded\stm\Embedded C
#        Arm\Embedded Coding\STM32_driver\some code
#        files\API_Structuring\Debug\Obj\main.o"
#        "C:\Users\Interrupt\Dropbox\WorkSpace\Embedded\stm\Embedded C
#        Arm\Embedded Coding\STM32_driver\some code
#        files\API_Structuring\Debug\Obj\driver\src\SPI_STM32F103C8xx.o"
#        --no_out_extension -o
#        "C:\Users\Interrupt\Dropbox\WorkSpace\Embedded\stm\Embedded C
#        Arm\Embedded Coding\STM32_driver\some code
#        files\API_Structuring\Debug\Exe\API_Structuring.out" --redirect
#        _Printf=_PrintfFullNoMb --redirect _Scanf=_ScanfFullNoMb --map
#        "C:\Users\Interrupt\Dropbox\WorkSpace\Embedded\stm\Embedded C
#        Arm\Embedded Coding\STM32_driver\some code
#        files\API_Structuring\Debug\List\API_Structuring.map" --config
#        "C:\Program Files\IAR Systems\Embedded Workbench
#        9.1\arm/config/linker/ST/stm32f103x8.icf" --semihosting --entry
#        __iar_program_start --vfe --text_out locale --cpu=Cortex-M3
#        --fpu=None)
#
###############################################################################

*******************************************************************************
*** RUNTIME MODEL ATTRIBUTES
***

CppFlavor       = *
__CPP_Runtime   = 1
__SystemLibrary = DLib
__dlib_version  = 6


*******************************************************************************
*** HEAP SELECTION
***

The basic heap was selected because --advanced_heap
was not specified and the application did not appear to
be primarily optimized for speed.


*******************************************************************************
*** PLACEMENT SUMMARY
***

"A0":  place at address 0x800'0000 { ro section .intvec };
"P1":  place in [from 0x800'0000 to 0x800'ffff] { ro };
define block CSTACK with size = 2K, alignment = 8 { };
define block HEAP with size = 2K, alignment = 8 { };
"P2":  place in [from 0x2000'0000 to 0x2000'4fff] {
          rw, block CSTACK, block HEAP };

No sections matched the following patterns:

  rw  in "P2"


  Section   Kind         Address   Size  Object
  -------   ----         -------   ----  ------
"A0":                              0x40
  .intvec   ro code   0x800'0000   0x40  vector_table_M.o [4]
                    - 0x800'0040   0x40

"P1":                             0x4b8
  .text     ro code   0x800'0040  0x1ac  main.o [1]
  .text     ro code   0x800'01ec  0x14c  GPIO_STM32F103C8xx.o [2]
  .text     ro code   0x800'0338   0xba  SPI_STM32F103C8xx.o [2]
  .text     ro code   0x800'03f2    0x2  vectortrap_M.o [4]
  .text     ro code   0x800'03f4   0x56  ABImemcpy_unaligned.o [4]
  .text     ro code   0x800'044c   0x36  strlen.o [4]
  .text     ro code   0x800'0484   0x1e  cmain.o [4]
  .text     ro code   0x800'04a2    0x4  low_level_init.o [3]
  .text     ro code   0x800'04a6    0x4  exit.o [3]
  .text     ro code   0x800'04ac    0xa  cexit.o [4]
  .text     ro code   0x800'04b8   0x14  exit.o [5]
  .text     ro code   0x800'04cc   0x1c  cstartup_M.o [4]
  .rodata   const     0x800'04e8   0x10  main.o [1]
                    - 0x800'04f8  0x4b8

"P2":                             0x800
  CSTACK             0x2000'0000  0x800  <Block>
    CSTACK  uninit   0x2000'0000  0x800  <Block tail>
                   - 0x2000'0800  0x800

Unused ranges:

         From           To    Size
         ----           --    ----
   0x800'04f8   0x800'ffff  0xfb08
  0x2000'0800  0x2000'4fff  0x4800



*******************************************************************************
*** MODULE SUMMARY
***

    Module                 ro code  ro data  rw data
    ------                 -------  -------  -------
command line/config:
    ------------------------------------------------
    Total:

C:\Users\Interrupt\Dropbox\WorkSpace\Embedded\stm\Embedded C Arm\Embedded Coding\STM32_driver\some code files\API_Structuring\Debug\Obj: [1]
    main.o                     428       16
    ------------------------------------------------
    Total:                     428       16

C:\Users\Interrupt\Dropbox\WorkSpace\Embedded\stm\Embedded C Arm\Embedded Coding\STM32_driver\some code files\API_Structuring\Debug\Obj\driver\src: [2]
    GPIO_STM32F103C8xx.o       332
    SPI_STM32F103C8xx.o        186
    ------------------------------------------------
    Total:                     518

dl7M_tln.a: [3]
    exit.o                       4
    low_level_init.o             4
    ------------------------------------------------
    Total:                       8

rt7M_tl.a: [4]
    ABImemcpy_unaligned.o       86
    cexit.o                     10
    cmain.o                     30
    cstartup_M.o                28
    strlen.o                    54
    vector_table_M.o            64
    vectortrap_M.o               2
    ------------------------------------------------
    Total:                     274

shb_l.a: [5]
    exit.o                      20
    ------------------------------------------------
    Total:                      20

    Gaps                         8
    Linker created                             2'048
----------------------------------------------------
    Grand Total:             1'256       16    2'048


*******************************************************************************
*** ENTRY LIST
***

Entry                       Address   Size  Type      Object
-----                       -------   ----  ----      ------
?main                    0x800'0485         Code  Gb  cmain.o [4]
BusFault_Handler         0x800'03f3         Code  Wk  vectortrap_M.o [4]
CSTACK$$Base            0x2000'0000          --   Gb  - Linker created -
CSTACK$$Limit           0x2000'0800          --   Gb  - Linker created -
DebugMon_Handler         0x800'03f3         Code  Wk  vectortrap_M.o [4]
Enable_RCC               0x800'01ed   0x7e  Code  Gb  GPIO_STM32F103C8xx.o [2]
GPIO_Init                0x800'028d   0x6e  Code  Gb  GPIO_STM32F103C8xx.o [2]
GPIO_Read                0x800'0327   0x12  Code  Gb  GPIO_STM32F103C8xx.o [2]
GPIO_Write               0x800'02fb   0x2c  Code  Gb  GPIO_STM32F103C8xx.o [2]
HardFault_Handler        0x800'03f3         Code  Wk  vectortrap_M.o [4]
MemManage_Handler        0x800'03f3         Code  Wk  vectortrap_M.o [4]
NMI_Handler              0x800'03f3         Code  Wk  vectortrap_M.o [4]
PendSV_Handler           0x800'03f3         Code  Wk  vectortrap_M.o [4]
RCC_ENABLE_SPI           0x800'0339   0x36  Code  Gb  SPI_STM32F103C8xx.o [2]
Region$$Table$$Base             0x0          --   Gb  - Linker created -
Region$$Table$$Limit            0x0          --   Gb  - Linker created -
SPI2_Byte                0x800'03e1   0x12  Code  Gb  SPI_STM32F103C8xx.o [2]
SPI_Init                 0x800'0385   0x3c  Code  Gb  SPI_STM32F103C8xx.o [2]
SPI_SendData             0x800'03c1   0x20  Code  Gb  SPI_STM32F103C8xx.o [2]
SVC_Handler              0x800'03f3         Code  Wk  vectortrap_M.o [4]
SysTick_Handler          0x800'03f3         Code  Wk  vectortrap_M.o [4]
UsageFault_Handler       0x800'03f3         Code  Wk  vectortrap_M.o [4]
__cmain                  0x800'0485         Code  Gb  cmain.o [4]
__exit                   0x800'04b9   0x14  Code  Gb  exit.o [5]
__iar_program_start      0x800'04cd         Code  Gb  cstartup_M.o [4]
__iar_unaligned_memcpy4
                         0x800'03f5         Code  Gb  ABImemcpy_unaligned.o [4]
__iar_unaligned_memcpy8
                         0x800'03f5         Code  Gb  ABImemcpy_unaligned.o [4]
__low_level_init         0x800'04a3    0x4  Code  Gb  low_level_init.o [3]
__vector_table           0x800'0000         Data  Gb  vector_table_M.o [4]
_call_main               0x800'0491         Code  Gb  cmain.o [4]
_exit                    0x800'04ad         Code  Gb  cexit.o [4]
delay                    0x800'0041   0x14  Code  Gb  main.o [1]
exit                     0x800'04a7    0x4  Code  Gb  exit.o [3]
main                     0x800'0055  0x184  Code  Gb  main.o [1]
strlen                   0x800'044d         Code  Gb  strlen.o [4]


[1] = C:\Users\Interrupt\Dropbox\WorkSpace\Embedded\stm\Embedded C Arm\Embedded Coding\STM32_driver\some code files\API_Structuring\Debug\Obj
[2] = C:\Users\Interrupt\Dropbox\WorkSpace\Embedded\stm\Embedded C Arm\Embedded Coding\STM32_driver\some code files\API_Structuring\Debug\Obj\driver\src
[3] = dl7M_tln.a
[4] = rt7M_tl.a
[5] = shb_l.a

  1'256 bytes of readonly  code memory
     16 bytes of readonly  data memory
  2'048 bytes of readwrite data memory

Errors: none
Warnings: none
