<html>
<body>
<pre>
<h1>µVision Build Log</h1>
<h2>Tool Versions:</h2>
IDE-Version: µVision V5.40.0.0
Copyright (C) 2024 ARM Ltd and ARM Germany GmbH. All rights reserved.
License Information: Giorgi Laluashvili, school, LIC=----
 
Tool Versions:
Toolchain:       MDK-Lite  Version: 5.40.0.3
Toolchain Path:  C:\Users\Interrupt\AppData\Local\Keil_v5\ARM\ARMCLANG\Bin
C Compiler:      ArmClang.exe V6.22
Assembler:       Armasm.exe V6.22
Linker/Locator:  ArmLink.exe V6.22
Library Manager: ArmAr.exe V6.22
Hex Converter:   FromElf.exe V6.22
CPU DLL:         SARMCM3.DLL V5.40.0.3
Dialog DLL:      DCM.DLL V1.17.5.0
Target DLL:      STLink\ST-LINKIII-KEIL_SWO.dll V3.3.0.0
Dialog DLL:      TCM.DLL V1.56.4.0
 
<h2>Project:</h2>
C:\Users\Interrupt\Documents\keilstart\API_Driver\stm32f411ceu6.uvprojx
Project File Date:  10/31/2024

<h2>Output:</h2>
*** Using Compiler 'V6.22', folder: 'C:\Users\Interrupt\AppData\Local\Keil_v5\ARM\ARMCLANG\Bin'
Rebuild target 'STM32F411CEUx'
compiling main.c...
assembling startup_stm32f411xe.s...
compiling system_stm32f4xx.c...
drivers/Src/gpio_stm32f411ceux.c(310): warning: unused parameter 'IRQNumber' [-Wunused-parameter]
  310 | void GPIO_IRQConfig(uint8_t IRQNumber, uint8_t IRQPriority, uint8_t EnOrDi)
      |                             ^
drivers/Src/gpio_stm32f411ceux.c(310): warning: unused parameter 'IRQPriority' [-Wunused-parameter]
  310 | void GPIO_IRQConfig(uint8_t IRQNumber, uint8_t IRQPriority, uint8_t EnOrDi)
      |                                                ^
drivers/Src/gpio_stm32f411ceux.c(310): warning: unused parameter 'EnOrDi' [-Wunused-parameter]
  310 | void GPIO_IRQConfig(uint8_t IRQNumber, uint8_t IRQPriority, uint8_t EnOrDi)
      |                                                                     ^
drivers/Src/gpio_stm32f411ceux.c(329): warning: unused parameter 'PinNumber' [-Wunused-parameter]
  329 | void GPIO_IRQHandling(uint8_t PinNumber)
      |                               ^
4 warnings generated.
compiling gpio_stm32f411ceux.c...
linking...
Program Size: Code=1296 RO-data=424 RW-data=0 ZI-data=1632  
".\Objects\stm32f411ceu6.axf" - 0 Error(s), 4 Warning(s).

<h2>Software Packages used:</h2>

Package Vendor: ARM
                https://www.keil.com/pack/ARM.CMSIS.6.1.0.pack
                ARM::CMSIS@6.1.0
                CMSIS (Common Microcontroller Software Interface Standard)
   * Component: CORE Version: 6.1.0

Package Vendor: Keil
                https://www.keil.com/pack/Keil.STM32F4xx_DFP.2.17.1.pack
                Keil::STM32F4xx_DFP@2.17.1
                STMicroelectronics STM32F4 Series Device Support, Drivers and Examples
   * Component: Startup Version: 2.6.3

<h2>Collection of Component include folders:</h2>
  ./RTE/_STM32F411CEUx
  C:/Users/Interrupt/AppData/Local/Arm/Packs/ARM/CMSIS/6.1.0/CMSIS/Core/Include
  C:/Users/Interrupt/AppData/Local/Arm/Packs/Keil/STM32F4xx_DFP/2.17.1/Drivers/CMSIS/Device/ST/STM32F4xx/Include

<h2>Collection of Component Files used:</h2>

   * Component: ARM::CMSIS:CORE@6.1.0

   * Component: Keil::Device:Startup@2.6.3
      Source file:   MDK/Device/Source/ARM/STM32F411xx_OPT.s
      Source file:   MDK/Device/Source/ARM/STM32F4xx_OTP.s
      Include file:  Drivers/CMSIS/Device/ST/STM32F4xx/Include/stm32f4xx.h
      Source file:   Drivers/CMSIS/Device/ST/STM32F4xx/Source/Templates/arm/startup_stm32f411xe.s
      Source file:   Drivers/CMSIS/Device/ST/STM32F4xx/Source/Templates/system_stm32f4xx.c
Build Time Elapsed:  00:00:01
</pre>
</body>
</html>
