###############################################################################
#
# IAR ELF Linker V9.32.1.338/W64 for ARM                  31/Oct/2024  12:54:14
# Copyright 2007-2022 IAR Systems AB.
#
#    Output file  =
#        C:\Users\Interrupt\Dropbox\WorkSpace\Embedded\stm\Embedded C
#        Arm\Embedded Coding\STM32_driver\some code
#        files\stm32f411ceu6\Debug\Exe\API_Driver.out
#    Map file     =
#        C:\Users\Interrupt\Dropbox\WorkSpace\Embedded\stm\Embedded C
#        Arm\Embedded Coding\STM32_driver\some code
#        files\stm32f411ceu6\Debug\List\API_Driver.map
#    Command line =
#        -f "C:\Users\Interrupt\Dropbox\WorkSpace\Embedded\stm\Embedded C
#        Arm\Embedded Coding\STM32_driver\some code
#        files\stm32f411ceu6\Debug\Exe\API_Driver.out.rsp"
#        ("C:\Users\Interrupt\Dropbox\WorkSpace\Embedded\stm\Embedded C
#        Arm\Embedded Coding\STM32_driver\some code
#        files\stm32f411ceu6\Debug\Obj\stm32f411eux_driver\src\gpio_stm32f411ceux.o"
#        "C:\Users\Interrupt\Dropbox\WorkSpace\Embedded\stm\Embedded C
#        Arm\Embedded Coding\STM32_driver\some code
#        files\stm32f411ceu6\Debug\Obj\stm32f411eux_driver\src\i2c_stm32f411ceux.o"
#        "C:\Users\Interrupt\Dropbox\WorkSpace\Embedded\stm\Embedded C
#        Arm\Embedded Coding\STM32_driver\some code
#        files\stm32f411ceu6\Debug\Obj\main.o" --no_out_extension -o
#        "C:\Users\Interrupt\Dropbox\WorkSpace\Embedded\stm\Embedded C
#        Arm\Embedded Coding\STM32_driver\some code
#        files\stm32f411ceu6\Debug\Exe\API_Driver.out" --redirect
#        _Printf=_PrintfFullNoMb --redirect _Scanf=_ScanfFullNoMb --map
#        "C:\Users\Interrupt\Dropbox\WorkSpace\Embedded\stm\Embedded C
#        Arm\Embedded Coding\STM32_driver\some code
#        files\stm32f411ceu6\Debug\List\API_Driver.map" --config "C:\Program
#        Files\IAR Systems\Embedded Workbench
#        9.1\arm/config/linker/ST/stm32f411xE.icf" --semihosting --entry
#        __iar_program_start --vfe --text_out locale --cpu=Cortex-M4
#        --fpu=VFPv4_sp)
#
###############################################################################

*******************************************************************************
*** RUNTIME MODEL ATTRIBUTES
***

CppFlavor       = *
__CPP_Runtime   = 1
__SystemLibrary = DLib
__dlib_version  = 6


*******************************************************************************
*** HEAP SELECTION
***

The basic heap was selected because --advanced_heap
was not specified and the application did not appear to
be primarily optimized for speed.


*******************************************************************************
*** PLACEMENT SUMMARY
***

"A0":  place at address 0x800'0000 { ro section .intvec };
"P1":  place in [from 0x800'0000 to 0x807'ffff] { ro };
define block CSTACK with size = 8K, alignment = 8 { };
define block HEAP with size = 8K, alignment = 8 { };
"P2":  place in [from 0x2000'0000 to 0x2001'ffff] {
          rw, block CSTACK, block HEAP };

No sections matched the following patterns:

  rw  in "P2"


  Section   Kind         Address    Size  Object
  -------   ----         -------    ----  ------
"A0":                               0x40
  .intvec   ro code   0x800'0000    0x40  vector_table_M.o [5]
                    - 0x800'0040    0x40

"P1":                              0x1b8
  .text     ro code   0x800'0040    0xc8  gpio_stm32f411ceux.o [2]
  .text     ro code   0x800'0108    0x68  main.o [1]
  .text     ro code   0x800'0170    0x22  fpinit_M.o [4]
  .text     ro code   0x800'0192     0x2  vectortrap_M.o [5]
  .text     ro code   0x800'0194    0x1e  cmain.o [5]
  .text     ro code   0x800'01b2     0x4  low_level_init.o [3]
  .text     ro code   0x800'01b6     0x4  exit.o [3]
  .text     ro code   0x800'01bc     0xa  cexit.o [5]
  .text     ro code   0x800'01c8    0x14  exit.o [6]
  .text     ro code   0x800'01dc    0x1c  cstartup_M.o [5]
                    - 0x800'01f8   0x1b8

"P2":                             0x2000
  CSTACK             0x2000'0000  0x2000  <Block>
    CSTACK  uninit   0x2000'0000  0x2000  <Block tail>
                   - 0x2000'2000  0x2000

Unused ranges:

         From           To      Size
         ----           --      ----
   0x800'01f8   0x807'ffff  0x7'fe08
  0x2000'2000  0x2001'ffff  0x1'e000



*******************************************************************************
*** MODULE SUMMARY
***

    Module                ro code  rw data
    ------                -------  -------
command line/config:
    --------------------------------------
    Total:

C:\Users\Interrupt\Dropbox\WorkSpace\Embedded\stm\Embedded C Arm\Embedded Coding\STM32_driver\some code files\stm32f411ceu6\Debug\Obj: [1]
    main.o                    104
    --------------------------------------
    Total:                    104

C:\Users\Interrupt\Dropbox\WorkSpace\Embedded\stm\Embedded C Arm\Embedded Coding\STM32_driver\some code files\stm32f411ceu6\Debug\Obj\stm32f411eux_driver\src: [2]
    gpio_stm32f411ceux.o      200
    --------------------------------------
    Total:                    200

dl7M_tln.a: [3]
    exit.o                      4
    low_level_init.o            4
    --------------------------------------
    Total:                      8

m7M_tls.a: [4]
    fpinit_M.o                 34
    --------------------------------------
    Total:                     34

rt7M_tl.a: [5]
    cexit.o                    10
    cmain.o                    30
    cstartup_M.o               28
    vector_table_M.o           64
    vectortrap_M.o              2
    --------------------------------------
    Total:                    134

shb_l.a: [6]
    exit.o                     20
    --------------------------------------
    Total:                     20

    Gaps                        4
    Linker created                   8'192
------------------------------------------
    Grand Total:              504    8'192


*******************************************************************************
*** ENTRY LIST
***

Entry                     Address  Size  Type      Object
-----                     -------  ----  ----      ------
?main                  0x800'0195        Code  Gb  cmain.o [5]
BusFault_Handler       0x800'0193        Code  Wk  vectortrap_M.o [5]
CSTACK$$Base          0x2000'0000         --   Gb  - Linker created -
CSTACK$$Limit         0x2000'2000         --   Gb  - Linker created -
DebugMon_Handler       0x800'0193        Code  Wk  vectortrap_M.o [5]
GPIO_Init              0x800'00c9  0x26  Code  Gb  gpio_stm32f411ceux.o [2]
GPIO_Write             0x800'00ef  0x1a  Code  Gb  gpio_stm32f411ceux.o [2]
HardFault_Handler      0x800'0193        Code  Wk  vectortrap_M.o [5]
MemManage_Handler      0x800'0193        Code  Wk  vectortrap_M.o [5]
NMI_Handler            0x800'0193        Code  Wk  vectortrap_M.o [5]
PendSV_Handler         0x800'0193        Code  Wk  vectortrap_M.o [5]
RCC_EN_GPIO            0x800'0041  0x6c  Code  Gb  gpio_stm32f411ceux.o [2]
Region$$Table$$Base           0x0         --   Gb  - Linker created -
Region$$Table$$Limit          0x0         --   Gb  - Linker created -
SVC_Handler            0x800'0193        Code  Wk  vectortrap_M.o [5]
SysTick_Handler        0x800'0193        Code  Wk  vectortrap_M.o [5]
UsageFault_Handler     0x800'0193        Code  Wk  vectortrap_M.o [5]
__cmain                0x800'0195        Code  Gb  cmain.o [5]
__exit                 0x800'01c9  0x14  Code  Gb  exit.o [6]
__iar_init_vfp         0x800'0171        Code  Gb  fpinit_M.o [4]
__iar_program_start    0x800'01dd        Code  Gb  cstartup_M.o [5]
__low_level_init       0x800'01b3   0x4  Code  Gb  low_level_init.o [3]
__vector_table         0x800'0000        Data  Gb  vector_table_M.o [5]
_call_main             0x800'01a1        Code  Gb  cmain.o [5]
_exit                  0x800'01bd        Code  Gb  cexit.o [5]
delay                  0x800'0109  0x14  Code  Gb  main.o [1]
exit                   0x800'01b7   0x4  Code  Gb  exit.o [3]
main                   0x800'011d  0x4a  Code  Gb  main.o [1]


[1] = C:\Users\Interrupt\Dropbox\WorkSpace\Embedded\stm\Embedded C Arm\Embedded Coding\STM32_driver\some code files\stm32f411ceu6\Debug\Obj
[2] = C:\Users\Interrupt\Dropbox\WorkSpace\Embedded\stm\Embedded C Arm\Embedded Coding\STM32_driver\some code files\stm32f411ceu6\Debug\Obj\stm32f411eux_driver\src
[3] = dl7M_tln.a
[4] = m7M_tls.a
[5] = rt7M_tl.a
[6] = shb_l.a

    504 bytes of readonly  code memory
  8'192 bytes of readwrite data memory

Errors: none
Warnings: none
