###############################################################################
#
# IAR ELF Linker V9.32.1.338/W64 for ARM                  27/Oct/2023  16:40:51
# Copyright 2007-2022 IAR Systems AB.
#
#    Output file  =
#        C:\Users\Interrupt\Dropbox\WorkSpace\Embedded\stm\Embedded C
#        Arm\Embedded Coding\STM32_driver\done\inputmode\Debug\Exe\input.out
#    Map file     =
#        C:\Users\Interrupt\Dropbox\WorkSpace\Embedded\stm\Embedded C
#        Arm\Embedded Coding\STM32_driver\done\inputmode\Debug\List\input.map
#    Command line =
#        -f "C:\Users\Interrupt\Dropbox\WorkSpace\Embedded\stm\Embedded C
#        Arm\Embedded
#        Coding\STM32_driver\done\inputmode\Debug\Exe\input.out.rsp"
#        ("C:\Users\Interrupt\Dropbox\WorkSpace\Embedded\stm\Embedded C
#        Arm\Embedded Coding\STM32_driver\done\inputmode\Debug\Obj\main.o"
#        "C:\Users\Interrupt\Dropbox\WorkSpace\Embedded\stm\Embedded C
#        Arm\Embedded
#        Coding\STM32_driver\done\inputmode\Debug\Obj\myDriver\Src\stm32f103c8xx.h_gpio_driver.o"
#        --no_out_extension -o
#        "C:\Users\Interrupt\Dropbox\WorkSpace\Embedded\stm\Embedded C
#        Arm\Embedded Coding\STM32_driver\done\inputmode\Debug\Exe\input.out"
#        --redirect _Printf=_PrintfFullNoMb --redirect _Scanf=_ScanfFullNoMb
#        --map "C:\Users\Interrupt\Dropbox\WorkSpace\Embedded\stm\Embedded C
#        Arm\Embedded Coding\STM32_driver\done\inputmode\Debug\List\input.map"
#        --config "C:\Program Files\IAR Systems\Embedded Workbench
#        9.1\arm/config/linker/ST/stm32f103x8.icf" --semihosting --entry
#        __iar_program_start --vfe --text_out locale --cpu=Cortex-M3
#        --fpu=None)
#
###############################################################################

*******************************************************************************
*** RUNTIME MODEL ATTRIBUTES
***

CppFlavor       = *
__CPP_Runtime   = 1
__SystemLibrary = DLib
__dlib_version  = 6


*******************************************************************************
*** HEAP SELECTION
***

The basic heap was selected because --advanced_heap
was not specified and the application did not appear to
be primarily optimized for speed.


*******************************************************************************
*** PLACEMENT SUMMARY
***

"A0":  place at address 0x800'0000 { ro section .intvec };
"P1":  place in [from 0x800'0000 to 0x800'ffff] { ro };
define block CSTACK with size = 2K, alignment = 8 { };
define block HEAP with size = 2K, alignment = 8 { };
"P2":  place in [from 0x2000'0000 to 0x2000'4fff] {
          rw, block CSTACK, block HEAP };

No sections matched the following patterns:

  rw  in "P2"


  Section   Kind         Address   Size  Object
  -------   ----         -------   ----  ------
"A0":                              0x40
  .intvec   ro code   0x800'0000   0x40  vector_table_M.o [4]
                    - 0x800'0040   0x40

"P1":                             0x208
  .text     ro code   0x800'0040  0x118  stm32f103c8xx.h_gpio_driver.o [2]
  .text     ro code   0x800'0158   0x8c  main.o [1]
  .text     ro code   0x800'01e4   0x1e  cmain.o [4]
  .text     ro code   0x800'0202    0x4  low_level_init.o [3]
  .text     ro code   0x800'0206    0x4  exit.o [3]
  .text     ro code   0x800'020a    0x2  vectortrap_M.o [4]
  .text     ro code   0x800'020c    0xa  cexit.o [4]
  .text     ro code   0x800'0218   0x14  exit.o [5]
  .text     ro code   0x800'022c   0x1c  cstartup_M.o [4]
                    - 0x800'0248  0x208

"P2":                             0x800
  CSTACK             0x2000'0000  0x800  <Block>
    CSTACK  uninit   0x2000'0000  0x800  <Block tail>
                   - 0x2000'0800  0x800

Unused ranges:

         From           To    Size
         ----           --    ----
   0x800'0248   0x800'ffff  0xfdb8
  0x2000'0800  0x2000'4fff  0x4800



*******************************************************************************
*** MODULE SUMMARY
***

    Module                         ro code  rw data
    ------                         -------  -------
command line/config:
    -----------------------------------------------
    Total:

C:\Users\Interrupt\Dropbox\WorkSpace\Embedded\stm\Embedded C Arm\Embedded Coding\STM32_driver\done\inputmode\Debug\Obj: [1]
    main.o                             140
    -----------------------------------------------
    Total:                             140

C:\Users\Interrupt\Dropbox\WorkSpace\Embedded\stm\Embedded C Arm\Embedded Coding\STM32_driver\done\inputmode\Debug\Obj\myDriver\Src: [2]
    stm32f103c8xx.h_gpio_driver.o      280
    -----------------------------------------------
    Total:                             280

dl7M_tln.a: [3]
    exit.o                               4
    low_level_init.o                     4
    -----------------------------------------------
    Total:                               8

rt7M_tl.a: [4]
    cexit.o                             10
    cmain.o                             30
    cstartup_M.o                        28
    vector_table_M.o                    64
    vectortrap_M.o                       2
    -----------------------------------------------
    Total:                             134

shb_l.a: [5]
    exit.o                              20
    -----------------------------------------------
    Total:                              20

    Gaps                                 2
    Linker created                            2'048
---------------------------------------------------
    Grand Total:                       584    2'048


*******************************************************************************
*** ENTRY LIST
***

Entry                       Address  Size  Type      Object
-----                       -------  ----  ----      ------
?main                    0x800'01e5        Code  Gb  cmain.o [4]
BusFault_Handler         0x800'020b        Code  Wk  vectortrap_M.o [4]
CSTACK$$Base            0x2000'0000         --   Gb  - Linker created -
CSTACK$$Limit           0x2000'0800         --   Gb  - Linker created -
DebugMon_Handler         0x800'020b        Code  Wk  vectortrap_M.o [4]
GPIO_Init                0x800'00e5  0x5a  Code  Gb  stm32f103c8xx.h_gpio_driver.o [2]
GPIO_PeriClockControll   0x800'0041  0x84  Code  Gb  stm32f103c8xx.h_gpio_driver.o [2]
GPIO_ReadFromInputPin    0x800'013f   0xc  Code  Gb  stm32f103c8xx.h_gpio_driver.o [2]
GPIO_TogglePin           0x800'014b   0xe  Code  Gb  stm32f103c8xx.h_gpio_driver.o [2]
HardFault_Handler        0x800'020b        Code  Wk  vectortrap_M.o [4]
MemManage_Handler        0x800'020b        Code  Wk  vectortrap_M.o [4]
NMI_Handler              0x800'020b        Code  Wk  vectortrap_M.o [4]
PendSV_Handler           0x800'020b        Code  Wk  vectortrap_M.o [4]
Region$$Table$$Base             0x0         --   Gb  - Linker created -
Region$$Table$$Limit            0x0         --   Gb  - Linker created -
SVC_Handler              0x800'020b        Code  Wk  vectortrap_M.o [4]
SysTick_Handler          0x800'020b        Code  Wk  vectortrap_M.o [4]
UsageFault_Handler       0x800'020b        Code  Wk  vectortrap_M.o [4]
__cmain                  0x800'01e5        Code  Gb  cmain.o [4]
__exit                   0x800'0219  0x14  Code  Gb  exit.o [5]
__iar_program_start      0x800'022d        Code  Gb  cstartup_M.o [4]
__low_level_init         0x800'0203   0x4  Code  Gb  low_level_init.o [3]
__vector_table           0x800'0000        Data  Gb  vector_table_M.o [4]
_call_main               0x800'01f1        Code  Gb  cmain.o [4]
_exit                    0x800'020d        Code  Gb  cexit.o [4]
delay                    0x800'0159  0x14  Code  Gb  main.o [1]
exit                     0x800'0207   0x4  Code  Gb  exit.o [3]
main                     0x800'016d  0x6a  Code  Gb  main.o [1]


[1] = C:\Users\Interrupt\Dropbox\WorkSpace\Embedded\stm\Embedded C Arm\Embedded Coding\STM32_driver\done\inputmode\Debug\Obj
[2] = C:\Users\Interrupt\Dropbox\WorkSpace\Embedded\stm\Embedded C Arm\Embedded Coding\STM32_driver\done\inputmode\Debug\Obj\myDriver\Src
[3] = dl7M_tln.a
[4] = rt7M_tl.a
[5] = shb_l.a

    584 bytes of readonly  code memory
  2'048 bytes of readwrite data memory

Errors: none
Warnings: none
